testPredefines.tpl.got
testPredefines
src
testPredefines.tpl.go
testPredefines
template
runner.inc
runner
inc


testPredefines.tpl.got
testPredefines
src
testPredefines.tpl.go
testPredefines
template
predef.inc
predef
inc


testPredefines.tpl.got
testPredefines
src
testPredefines.tpl.go
testPredefines
template
predef2.inc
predef2
inc



testPredefines.tpl.go
testPredefines
template
predef.inc
predef
inc

