	Print me.
Substituted:
Here is some text to print. Here is some go code.
Substituted:
MeSubstituted:
You
Not Substituted:

