Here is some code wrapping text escaping to go.
Testing quotes: "'`
<p>
Escaped html &lt;
</p>
<p>This is text<br>
	that is both escaped and has<br>
	html paragraphs and breaks inserted.<br>
</p>

This should be testStatic: testStatic
