testPredefines.tpl.got
testPredefines.tpl
src
testPredefines.tpl.go
testPredefines.tpl
template
