The end.
    This is a named block.
	<p>
	Escaped html &lt;
	</p>

<p>This is text<br>
that is both escaped and has<br>
html paragraphs and breaks inserted.<br>
</p>


<html>
<head>

</head>
<body>
<p>
    A typical html document
</p>
</body>
</html>